module Link = {
  let name = "IosLink";
  let hi = "awesomehi";
  [@bs.module] [@react.component]
  external make:
    (
      ~className: string=?,
      ~fontSize: string=?,
      ~color: string=?,
      ~onClick: 'event => unit=?
    ) =>
    string =
    "react-ionicons/lib/IosLink";
};
module Camera = {
  let name = "MdCamera";
  let ho = "awesomeho";
  [@bs.module] [@react.component]
  external make:
    (
      ~className: string=?,
      ~fontSize: string=?,
      ~color: string=?,
      ~onClick: 'event => unit=?
    ) =>
    string =
    "react-ionicons/lib/MdCamera";
};
