"hi 5 times";
"hi 3 and People";

module Sub = {
  "hi 10 times";
};
